error[E0597]: `x` does not live long enough
  --> $DIR/issue-52534-1.rs:6:9
   |
LL |     fn bar(&self, x: &u32) -> &u32 {
   |            -----              ---- has type `&'0 u32`
   |            |
   |            has type `&'0 Test`
LL |         let x = 22;
LL |         &x
   |         ^^ `x` would have to be valid for `'0`...
LL |
LL |     }
   |     -- borrow later used here
   |     |
   |     ...but `x` will be dropped here, when the function `bar` returns
   |
   = note: argument and return type have the same lifetime due to lifetime elision rules
   = note: to learn more, visit <https://doc.rust-lang.org/book/ch10-03-lifetime-syntax.html#lifetime-elision>
   = note: functions cannot return a borrow to data owned within the function's scope, functions can only return borrows to data passed as arguments
   = note: to learn more, visit <https://doc.rust-lang.org/book/ch04-02-references-and-borrowing.html#dangling-references>

error[E0597]: `x` does not live long enough
  --> $DIR/issue-52534-1.rs:13:5
   |
LL | fn foo(x: &u32) -> &u32 {
   |           ----     ---- also has type `&'0 u32`
   |           |
   |           has type `&'0 u32`
LL |     let x = 22;
LL |     &x
   |     ^^ `x` would have to be valid for `'0`...
LL |
LL | }
   | -- borrow later used here
   | |
   | ...but `x` will be dropped here, when the function `foo` returns
   |
   = note: argument and return type have the same lifetime due to lifetime elision rules
   = note: to learn more, visit <https://doc.rust-lang.org/book/ch10-03-lifetime-syntax.html#lifetime-elision>
   = note: functions cannot return a borrow to data owned within the function's scope, functions can only return borrows to data passed as arguments
   = note: to learn more, visit <https://doc.rust-lang.org/book/ch04-02-references-and-borrowing.html#dangling-references>

error[E0597]: `x` does not live long enough
  --> $DIR/issue-52534-1.rs:19:6
   |
LL | fn baz(x: &u32) -> &&u32 {
   |           ----     ----- has type `&'0 &'0 u32`
   |           |
   |           has type `&'0 u32`
LL |     let x = 22;
LL |     &&x
   |      ^^ `x` would have to be valid for `'0`...
...
LL | }
   | -- borrow later used here
   | |
   | ...but `x` will be dropped here, when the function `baz` returns
   |
   = note: argument and return type have the same lifetime due to lifetime elision rules
   = note: to learn more, visit <https://doc.rust-lang.org/book/ch10-03-lifetime-syntax.html#lifetime-elision>
   = note: functions cannot return a borrow to data owned within the function's scope, functions can only return borrows to data passed as arguments
   = note: to learn more, visit <https://doc.rust-lang.org/book/ch04-02-references-and-borrowing.html#dangling-references>

error[E0716]: temporary value dropped while borrowed
  --> $DIR/issue-52534-1.rs:19:6
   |
LL |     &&x
   |      ^^ creates a temporary which is freed while still in use
...
LL | }
   | -- borrow later used here
   | |
   | temporary value is freed at the end of this statement
   |
   = note: consider using a `let` binding to create a longer lived value

error[E0597]: `x` does not live long enough
  --> $DIR/issue-52534-1.rs:26:5
   |
LL | fn foobazbar<'a>(x: u32, y: &'a u32) -> &'a u32 {
   |                              --          -- also has lifetime `'a`
   |                              |
   |                              has lifetime `'a`
LL |     let x = 22;
LL |     &x
   |     ^^ `x` would have to be valid for `'a`...
LL |
LL | }
   | -- borrow later used here
   | |
   | ...but `x` will be dropped here, when the function `foobazbar` returns
   |
   = help: use data from the highlighted arguments which match the `'a` lifetime of the return type
   = note: functions cannot return a borrow to data owned within the function's scope, functions can only return borrows to data passed as arguments
   = note: to learn more, visit <https://doc.rust-lang.org/book/ch04-02-references-and-borrowing.html#dangling-references>

error[E0597]: `x` does not live long enough
  --> $DIR/issue-52534-1.rs:32:5
   |
LL | fn foobar<'a>(x: &'a u32) -> &'a u32 {
   |                   --          -- also has lifetime `'a`
   |                   |
   |                   has lifetime `'a`
LL |     let x = 22;
LL |     &x
   |     ^^ `x` would have to be valid for `'a`...
LL |
LL | }
   | -- borrow later used here
   | |
   | ...but `x` will be dropped here, when the function `foobar` returns
   |
   = help: use data from the highlighted arguments which match the `'a` lifetime of the return type
   = note: functions cannot return a borrow to data owned within the function's scope, functions can only return borrows to data passed as arguments
   = note: to learn more, visit <https://doc.rust-lang.org/book/ch04-02-references-and-borrowing.html#dangling-references>

error[E0597]: `x` does not live long enough
  --> $DIR/issue-52534-1.rs:38:5
   |
LL | fn foobaz<'a, 'b>(x: &'a u32, y: &'b u32) -> &'a u32 {
   |                       -- has lifetime `'a`    -- also has lifetime `'a`
LL |     let x = 22;
LL |     &x
   |     ^^ `x` would have to be valid for `'a`...
LL |
LL | }
   | -- borrow later used here
   | |
   | ...but `x` will be dropped here, when the function `foobaz` returns
   |
   = help: use data from the highlighted arguments which match the `'a` lifetime of the return type
   = note: functions cannot return a borrow to data owned within the function's scope, functions can only return borrows to data passed as arguments
   = note: to learn more, visit <https://doc.rust-lang.org/book/ch04-02-references-and-borrowing.html#dangling-references>

error[E0597]: `x` does not live long enough
  --> $DIR/issue-52534-1.rs:44:5
   |
LL | fn foobarbaz<'a, 'b>(x: &'a u32, y: &'b u32, z: &'a u32) -> &'a u32 {
   |                          --                      --          -- also has lifetime `'a`
   |                          |                       |
   |                          has lifetime `'a`       has lifetime `'a`
LL |     let x = 22;
LL |     &x
   |     ^^ `x` would have to be valid for `'a`...
LL |
LL | }
   | -- borrow later used here
   | |
   | ...but `x` will be dropped here, when the function `foobarbaz` returns
   |
   = help: use data from the highlighted arguments which match the `'a` lifetime of the return type
   = note: functions cannot return a borrow to data owned within the function's scope, functions can only return borrows to data passed as arguments
   = note: to learn more, visit <https://doc.rust-lang.org/book/ch04-02-references-and-borrowing.html#dangling-references>

error: aborting due to 8 previous errors

Some errors have detailed explanations: E0597, E0716.
For more information about an error, try `rustc --explain E0597`.
