<<<<<<< HEAD:src/test/ui/const-generics/const-types.stderr
  --> $DIR/const-types.rs:3:12
   |
LL | #![feature(const_generics)]
   |            ^^^^^^^^^^^^^^
   |
   = note: `#[warn(incomplete_features)]` on by default

warning: 1 warning emitted

