error[E0283]: type annotations needed
  --> $DIR/issue-86162-2.rs:12:14
   |
LL |     Foo::bar(gen()); //<- Do not suggest `Foo::bar::<impl Clone>()`!
   |     -------- ^^^^^ cannot infer type for type parameter `impl Clone` declared on the associated function `bar`
   |     |
   |     required by a bound introduced by this call
   |
   = note: cannot satisfy `_: Clone`
note: required by a bound in `Foo::bar`
  --> $DIR/issue-86162-2.rs:8:20
   |
LL |     fn bar(x: impl Clone) {}
   |                    ^^^^^ required by this bound in `Foo::bar`

error: aborting due to 1 previous error

For more information about this error, try `rustc --explain E0283`.
